================================================================
== Design Size Report
================================================================

* Total Instructions per Compilation Phase
+---------------+-----------------------------+--------------+----------------------------------------------------------------------------------------+
| Phase         | Step                        | Instructions | Description                                                                            |
+---------------+-----------------------------+--------------+----------------------------------------------------------------------------------------+
| Compile/Link  |                             | 7,504        | After all functions are compiled and linked into a single design                       |
|               |                             |              |                                                                                        |
| Unroll/Inline |                             |              | After user unroll and inline pragmas are applied                                       |
|               | (1) unroll                  |   479        | user unroll pragmas are applied                                                        |
|               | (2) simplification          |   385        | simplification of applied user unroll pragmas                                          |
|               | (3) inline                  |   370        | user inline pragmas are applied                                                        |
|               | (4) simplification          |   317        | simplification of applied user inline pragmas                                          |
|               |                             |              |                                                                                        |
| Array/Struct  |                             |              | After user array partition and struct aggregate/disaggregate pragmas are applied       |
|               | (1) array partition         |   318        | user array partition pragmas are applied                                               |
|               | (2) simplification          |   318        | simplification of applied user array partition & struct aggregate/disaggregate pragmas |
|               | (3) aggregate/disaggregate  |   318        | user struct aggregate/disaggregate pragmas are applied                                 |
|               | (4) array reshape           |   318        | apply array reshape pragmas                                                            |
|               | (5) access patterns         |   321        | array access pattern optmizations                                                      |
|               |                             |              |                                                                                        |
| Performance   |                             |              | After transformations are applied to meet performance pragma targets                   |
|               | (1) loop simplification     |   321        | loop and instruction simplification                                                    |
|               | (2) parallelization         |   479        | loops are unrolled or pipelined to meet performance targets                            |
|               | (3) array partition         | 3,662        | arrays are partitioned to meet performance targets                                     |
|               | (4) simplification          | 1,320        | simplification of design after performance transformations                             |
|               |                             |              |                                                                                        |
| HW Transforms |                             |              | After hardware transfomations                                                          |
|               | (1) lowering                | 1,265        | initial conversion to HW specific instructions                                         |
|               | (2) optimizations           | 1,304        | high level synthesis optimizations                                                     |
+---------------+-----------------------------+--------------+----------------------------------------------------------------------------------------+

* Instructions per Function for each Compilation Phase
+-------------------+-------------------------+--------------+---------------+--------------+-------------+---------------+
| Function          | Location                | Compile/Link | Unroll/Inline | Array/Struct | Performance | HW Transforms |
+-------------------+-------------------------+--------------+---------------+--------------+-------------+---------------+
| + sha512Accel     | sha512Accel.cpp:3       | 7,504        | 317           | 321          | 1,320       | 1,304         |
|  + chunkProcessor | chunkProcessor512.cpp:3 | 5,245        | 171           | 172          |  150        |  171          |
|   + wGenerator    | wGenerator512.cpp:3     | 1,285        |               |              |             |               |
|      sigma0_512   | functions512.cpp:23     |  468         |               |              |             |               |
|      sigma1_512   | functions512.cpp:33     |  468         |               |              |             |               |
|   + chunkIter     | chunkIter512.cpp:3      | 2,463        |               |              |             |               |
|      sum1_512     | functions512.cpp:13     |  572         |               |              |             |               |
|      sum0_512     | functions512.cpp:3      |  572         |               |              |             |               |
|      ch_512       | functions512.cpp:43     |  205         |               |              |             |               |
|      maj_512      | functions512.cpp:52     |  278         |               |              |             |               |
+-------------------+-------------------------+--------------+---------------+--------------+-------------+---------------+

* Design Size Message Settings
+---------------------------------------------+--------+------------------------------------------------------------------+
| Message Setting                             | Value  | Description                                                      |
+---------------------------------------------+--------+------------------------------------------------------------------+
| config_compile -design_size_maximum_warning | 100000 | Show a warning when total design instructions exceeds this value |
+---------------------------------------------+--------+------------------------------------------------------------------+


