

================================================================
== Vitis HLS Report for 'sha256Accel_Pipeline_VITIS_LOOP_43_5'
================================================================
* Date:           Tue Jul 22 19:55:47 2025

* Version:        2025.1 (Build 6135595 on May 21 2025)
* Project:        sha256Accel
* Solution:       hls (Vivado IP Flow Target)
* Product family: aspartan7
* Target device:  xa7s6-cpga196-2I


================================================================
== Performance Estimates
================================================================
+ Timing: 
    * Summary: 
    +--------+----------+----------+------------+
    |  Clock |  Target  | Estimated| Uncertainty|
    +--------+----------+----------+------------+
    |ap_clk  |  10.00 ns|  4.713 ns|     2.70 ns|
    +--------+----------+----------+------------+

+ Latency: 
    * Summary: 
    +---------+---------+----------+----------+-----+-----+------------------------------------------------+
    |  Latency (cycles) |  Latency (absolute) |  Interval |                    Pipeline                    |
    |   min   |   max   |    min   |    max   | min | max |                      Type                      |
    +---------+---------+----------+----------+-----+-----+------------------------------------------------+
    |       18|       18|  0.180 us|  0.180 us|   17|   17|  loop auto-rewind stp (delay=0 clock cycles(s))|
    +---------+---------+----------+----------+-----+-----+------------------------------------------------+

    + Detail: 
        * Instance: 
        N/A

        * Loop: 
        +-------------------+---------+---------+----------+-----------+-----------+------+----------+
        |                   |  Latency (cycles) | Iteration|  Initiation Interval  | Trip |          |
        |     Loop Name     |   min   |   max   |  Latency |  achieved |   target  | Count| Pipelined|
        +-------------------+---------+---------+----------+-----------+-----------+------+----------+
        |- VITIS_LOOP_43_5  |       16|       16|         2|          1|          1|    16|       yes|
        +-------------------+---------+---------+----------+-----------+-----------+------+----------+



================================================================
== Utilization Estimates
================================================================
* Summary: 
+-----------------+---------+----+------+------+-----+
|       Name      | BRAM_18K| DSP|  FF  |  LUT | URAM|
+-----------------+---------+----+------+------+-----+
|DSP              |        -|   -|     -|     -|    -|
|Expression       |        -|   -|     0|   270|    -|
|FIFO             |        -|   -|     -|     -|    -|
|Instance         |        -|   -|     -|     -|    -|
|Memory           |        -|   -|     -|     -|    -|
|Multiplexer      |        -|   -|     0|    54|    -|
|Register         |        -|   -|    23|     -|    -|
+-----------------+---------+----+------+------+-----+
|Total            |        0|   0|    23|   324|    0|
+-----------------+---------+----+------+------+-----+
|Available        |       10|  10|  7500|  3750|    0|
+-----------------+---------+----+------+------+-----+
|Utilization (%)  |        0|   0|    ~0|     8|    0|
+-----------------+---------+----+------+------+-----+

+ Detail: 
    * Instance: 
    N/A

    * DSP: 
    N/A

    * Memory: 
    N/A

    * FIFO: 
    N/A

    * Expression: 
    +---------------------+----------+----+---+----+------------+------------+
    |    Variable Name    | Operation| DSP| FF| LUT| Bitwidth P0| Bitwidth P1|
    +---------------------+----------+----+---+----+------------+------------+
    |add_ln43_fu_554_p2   |         +|   0|  0|  13|           5|           1|
    |add_ln45_fu_919_p2   |         +|   0|  0|  17|          10|           6|
    |buffi_10_fu_769_p2   |         +|   0|  0|  16|           9|           4|
    |buffi_11_fu_790_p2   |         +|   0|  0|  16|           9|           4|
    |buffi_12_fu_811_p2   |         +|   0|  0|  16|           9|           4|
    |buffi_13_fu_832_p2   |         +|   0|  0|  16|           9|           4|
    |buffi_14_fu_853_p2   |         +|   0|  0|  16|           9|           4|
    |buffi_15_fu_874_p2   |         +|   0|  0|  16|           9|           4|
    |buffi_2_fu_601_p2    |         +|   0|  0|  16|           9|           2|
    |buffi_3_fu_622_p2    |         +|   0|  0|  16|           9|           2|
    |buffi_4_fu_643_p2    |         +|   0|  0|  16|           9|           3|
    |buffi_5_fu_664_p2    |         +|   0|  0|  16|           9|           3|
    |buffi_6_fu_685_p2    |         +|   0|  0|  16|           9|           3|
    |buffi_7_fu_706_p2    |         +|   0|  0|  16|           9|           3|
    |buffi_8_fu_727_p2    |         +|   0|  0|  16|           9|           4|
    |buffi_9_fu_748_p2    |         +|   0|  0|  16|           9|           4|
    |icmp_ln43_fu_548_p2  |      icmp|   0|  0|  14|           5|           6|
    |ap_enable_pp0        |       xor|   0|  0|   2|           1|           2|
    +---------------------+----------+----+---+----+------------+------------+
    |Total                |          |   0|  0| 270|         147|          63|
    +---------------------+----------+----+---+----+------------+------------+

    * Multiplexer: 
    +-----------------------------+----+-----------+-----+-----------+
    |             Name            | LUT| Input Size| Bits| Total Bits|
    +-----------------------------+----+-----------+-----+-----------+
    |ap_done_int                  |   9|          2|    1|          2|
    |ap_enable_reg_pp0_iter1      |   9|          2|    1|          2|
    |ap_sig_allocacmp_buffi_load  |   9|          2|   10|         20|
    |ap_sig_allocacmp_j_2         |   9|          2|    5|         10|
    |buffi_fu_114                 |   9|          2|   10|         20|
    |j_fu_118                     |   9|          2|    5|         10|
    +-----------------------------+----+-----------+-----+-----------+
    |Total                        |  54|         12|   32|         64|
    +-----------------------------+----+-----------+-----+-----------+

    * Register: 
    +-------------------------+----+----+-----+-----------+
    |           Name          | FF | LUT| Bits| Const Bits|
    +-------------------------+----+----+-----+-----------+
    |ap_CS_fsm                |   1|   0|    1|          0|
    |ap_done_reg              |   1|   0|    1|          0|
    |ap_enable_reg_pp0_iter1  |   1|   0|    1|          0|
    |buffi_fu_114             |  10|   0|   10|          0|
    |j_2_reg_1022             |   5|   0|    5|          0|
    |j_fu_118                 |   5|   0|    5|          0|
    +-------------------------+----+----+-----+-----------+
    |Total                    |  23|   0|   23|          0|
    +-------------------------+----+----+-----+-----------+



================================================================
== Interface
================================================================
* Summary: 
+--------------------+-----+-----+------------+--------------------------------------+--------------+
|      RTL Ports     | Dir | Bits|  Protocol  |             Source Object            |    C Type    |
+--------------------+-----+-----+------------+--------------------------------------+--------------+
|ap_clk              |   in|    1|  ap_ctrl_hs|  sha256Accel_Pipeline_VITIS_LOOP_43_5|  return value|
|ap_rst              |   in|    1|  ap_ctrl_hs|  sha256Accel_Pipeline_VITIS_LOOP_43_5|  return value|
|ap_start            |   in|    1|  ap_ctrl_hs|  sha256Accel_Pipeline_VITIS_LOOP_43_5|  return value|
|ap_done             |  out|    1|  ap_ctrl_hs|  sha256Accel_Pipeline_VITIS_LOOP_43_5|  return value|
|ap_idle             |  out|    1|  ap_ctrl_hs|  sha256Accel_Pipeline_VITIS_LOOP_43_5|  return value|
|ap_ready            |  out|    1|  ap_ctrl_hs|  sha256Accel_Pipeline_VITIS_LOOP_43_5|  return value|
|message_address0    |  out|    4|   ap_memory|                               message|         array|
|message_ce0         |  out|    1|   ap_memory|                               message|         array|
|message_we0         |  out|    1|   ap_memory|                               message|         array|
|message_d0          |  out|   32|   ap_memory|                               message|         array|
|buffer_r_address0   |  out|    5|   ap_memory|                              buffer_r|         array|
|buffer_r_ce0        |  out|    1|   ap_memory|                              buffer_r|         array|
|buffer_r_q0         |   in|    1|   ap_memory|                              buffer_r|         array|
|buffer_r_address1   |  out|    5|   ap_memory|                              buffer_r|         array|
|buffer_r_ce1        |  out|    1|   ap_memory|                              buffer_r|         array|
|buffer_r_q1         |   in|    1|   ap_memory|                              buffer_r|         array|
|buffer_1_address0   |  out|    5|   ap_memory|                              buffer_1|         array|
|buffer_1_ce0        |  out|    1|   ap_memory|                              buffer_1|         array|
|buffer_1_q0         |   in|    1|   ap_memory|                              buffer_1|         array|
|buffer_1_address1   |  out|    5|   ap_memory|                              buffer_1|         array|
|buffer_1_ce1        |  out|    1|   ap_memory|                              buffer_1|         array|
|buffer_1_q1         |   in|    1|   ap_memory|                              buffer_1|         array|
|buffer_2_address0   |  out|    5|   ap_memory|                              buffer_2|         array|
|buffer_2_ce0        |  out|    1|   ap_memory|                              buffer_2|         array|
|buffer_2_q0         |   in|    1|   ap_memory|                              buffer_2|         array|
|buffer_2_address1   |  out|    5|   ap_memory|                              buffer_2|         array|
|buffer_2_ce1        |  out|    1|   ap_memory|                              buffer_2|         array|
|buffer_2_q1         |   in|    1|   ap_memory|                              buffer_2|         array|
|buffer_3_address0   |  out|    5|   ap_memory|                              buffer_3|         array|
|buffer_3_ce0        |  out|    1|   ap_memory|                              buffer_3|         array|
|buffer_3_q0         |   in|    1|   ap_memory|                              buffer_3|         array|
|buffer_3_address1   |  out|    5|   ap_memory|                              buffer_3|         array|
|buffer_3_ce1        |  out|    1|   ap_memory|                              buffer_3|         array|
|buffer_3_q1         |   in|    1|   ap_memory|                              buffer_3|         array|
|buffer_4_address0   |  out|    5|   ap_memory|                              buffer_4|         array|
|buffer_4_ce0        |  out|    1|   ap_memory|                              buffer_4|         array|
|buffer_4_q0         |   in|    1|   ap_memory|                              buffer_4|         array|
|buffer_4_address1   |  out|    5|   ap_memory|                              buffer_4|         array|
|buffer_4_ce1        |  out|    1|   ap_memory|                              buffer_4|         array|
|buffer_4_q1         |   in|    1|   ap_memory|                              buffer_4|         array|
|buffer_5_address0   |  out|    5|   ap_memory|                              buffer_5|         array|
|buffer_5_ce0        |  out|    1|   ap_memory|                              buffer_5|         array|
|buffer_5_q0         |   in|    1|   ap_memory|                              buffer_5|         array|
|buffer_5_address1   |  out|    5|   ap_memory|                              buffer_5|         array|
|buffer_5_ce1        |  out|    1|   ap_memory|                              buffer_5|         array|
|buffer_5_q1         |   in|    1|   ap_memory|                              buffer_5|         array|
|buffer_6_address0   |  out|    5|   ap_memory|                              buffer_6|         array|
|buffer_6_ce0        |  out|    1|   ap_memory|                              buffer_6|         array|
|buffer_6_q0         |   in|    1|   ap_memory|                              buffer_6|         array|
|buffer_6_address1   |  out|    5|   ap_memory|                              buffer_6|         array|
|buffer_6_ce1        |  out|    1|   ap_memory|                              buffer_6|         array|
|buffer_6_q1         |   in|    1|   ap_memory|                              buffer_6|         array|
|buffer_7_address0   |  out|    5|   ap_memory|                              buffer_7|         array|
|buffer_7_ce0        |  out|    1|   ap_memory|                              buffer_7|         array|
|buffer_7_q0         |   in|    1|   ap_memory|                              buffer_7|         array|
|buffer_7_address1   |  out|    5|   ap_memory|                              buffer_7|         array|
|buffer_7_ce1        |  out|    1|   ap_memory|                              buffer_7|         array|
|buffer_7_q1         |   in|    1|   ap_memory|                              buffer_7|         array|
|buffer_8_address0   |  out|    5|   ap_memory|                              buffer_8|         array|
|buffer_8_ce0        |  out|    1|   ap_memory|                              buffer_8|         array|
|buffer_8_q0         |   in|    1|   ap_memory|                              buffer_8|         array|
|buffer_8_address1   |  out|    5|   ap_memory|                              buffer_8|         array|
|buffer_8_ce1        |  out|    1|   ap_memory|                              buffer_8|         array|
|buffer_8_q1         |   in|    1|   ap_memory|                              buffer_8|         array|
|buffer_9_address0   |  out|    5|   ap_memory|                              buffer_9|         array|
|buffer_9_ce0        |  out|    1|   ap_memory|                              buffer_9|         array|
|buffer_9_q0         |   in|    1|   ap_memory|                              buffer_9|         array|
|buffer_9_address1   |  out|    5|   ap_memory|                              buffer_9|         array|
|buffer_9_ce1        |  out|    1|   ap_memory|                              buffer_9|         array|
|buffer_9_q1         |   in|    1|   ap_memory|                              buffer_9|         array|
|buffer_10_address0  |  out|    5|   ap_memory|                             buffer_10|         array|
|buffer_10_ce0       |  out|    1|   ap_memory|                             buffer_10|         array|
|buffer_10_q0        |   in|    1|   ap_memory|                             buffer_10|         array|
|buffer_10_address1  |  out|    5|   ap_memory|                             buffer_10|         array|
|buffer_10_ce1       |  out|    1|   ap_memory|                             buffer_10|         array|
|buffer_10_q1        |   in|    1|   ap_memory|                             buffer_10|         array|
|buffer_11_address0  |  out|    5|   ap_memory|                             buffer_11|         array|
|buffer_11_ce0       |  out|    1|   ap_memory|                             buffer_11|         array|
|buffer_11_q0        |   in|    1|   ap_memory|                             buffer_11|         array|
|buffer_11_address1  |  out|    5|   ap_memory|                             buffer_11|         array|
|buffer_11_ce1       |  out|    1|   ap_memory|                             buffer_11|         array|
|buffer_11_q1        |   in|    1|   ap_memory|                             buffer_11|         array|
|buffer_12_address0  |  out|    5|   ap_memory|                             buffer_12|         array|
|buffer_12_ce0       |  out|    1|   ap_memory|                             buffer_12|         array|
|buffer_12_q0        |   in|    1|   ap_memory|                             buffer_12|         array|
|buffer_12_address1  |  out|    5|   ap_memory|                             buffer_12|         array|
|buffer_12_ce1       |  out|    1|   ap_memory|                             buffer_12|         array|
|buffer_12_q1        |   in|    1|   ap_memory|                             buffer_12|         array|
|buffer_13_address0  |  out|    5|   ap_memory|                             buffer_13|         array|
|buffer_13_ce0       |  out|    1|   ap_memory|                             buffer_13|         array|
|buffer_13_q0        |   in|    1|   ap_memory|                             buffer_13|         array|
|buffer_13_address1  |  out|    5|   ap_memory|                             buffer_13|         array|
|buffer_13_ce1       |  out|    1|   ap_memory|                             buffer_13|         array|
|buffer_13_q1        |   in|    1|   ap_memory|                             buffer_13|         array|
|buffer_14_address0  |  out|    5|   ap_memory|                             buffer_14|         array|
|buffer_14_ce0       |  out|    1|   ap_memory|                             buffer_14|         array|
|buffer_14_q0        |   in|    1|   ap_memory|                             buffer_14|         array|
|buffer_14_address1  |  out|    5|   ap_memory|                             buffer_14|         array|
|buffer_14_ce1       |  out|    1|   ap_memory|                             buffer_14|         array|
|buffer_14_q1        |   in|    1|   ap_memory|                             buffer_14|         array|
|buffer_15_address0  |  out|    5|   ap_memory|                             buffer_15|         array|
|buffer_15_ce0       |  out|    1|   ap_memory|                             buffer_15|         array|
|buffer_15_q0        |   in|    1|   ap_memory|                             buffer_15|         array|
|buffer_15_address1  |  out|    5|   ap_memory|                             buffer_15|         array|
|buffer_15_ce1       |  out|    1|   ap_memory|                             buffer_15|         array|
|buffer_15_q1        |   in|    1|   ap_memory|                             buffer_15|         array|
+--------------------+-----+-----+------------+--------------------------------------+--------------+

